// Jest Snapshot v1, https://goo.gl/fbAQLP

exports[`Snapshot renders correctly 1`] = `
<a
  className="normal"
  href="http://www.instagram.com"
  onMouseEnter={[Function]}
  onMouseLeave={[Function]}
>
  Instagram
</a>
`;

exports[`Snapshot will check the values and pass 1`] = `
Object {
  "createdAt": Any<Date>,
  "name": "Bond... James Bond",
}
`;

exports[`Snapshot will fail every time 1`] = `
Object {
  "createdAt": 2021-01-03T21:42:13.856Z,
  "id": 4,
  "name": "LeBron James",
}
`;
